[backblue.gif]
[fade.gif]
[index.html]
[cryptomarkethtml.bdtask.com/assets/img/favicon.png]
[cryptomarkethtml.bdtask.com/assets/img/logo.png]
[cryptomarkethtml.bdtask.com/assets/img/about.jpg]
[cryptomarkethtml.bdtask.com/assets/img/calculate-img.png]
[cryptomarkethtml.bdtask.com/assets/img/avatar-1.jpg]
[cryptomarkethtml.bdtask.com/assets/img/brand-logo/01.png]
[cryptomarkethtml.bdtask.com/assets/img/brand-logo/02.png]
[cryptomarkethtml.bdtask.com/assets/img/brand-logo/03.png]
[cryptomarkethtml.bdtask.com/assets/img/brand-logo/04.png]
[cryptomarkethtml.bdtask.com/assets/img/brand-logo/05.png]
[cryptomarkethtml.bdtask.com/assets/img/brand-logo/06.png]
[cryptomarkethtml.bdtask.com/assets/img/brand-logo/07.png]
[cryptomarkethtml.bdtask.com/assets/img/brand-logo/08.png]
[cryptomarkethtml.bdtask.com/assets/img/blog/360x250-1.jpg]
[cryptomarkethtml.bdtask.com/assets/img/blog/360x250-2.jpg]
[cryptomarkethtml.bdtask.com/assets/img/blog/360x250-3.jpg]
[cryptomarkethtml.bdtask.com/assets/img/blog/360x250-4.jpg]
[cryptomarkethtml.bdtask.com/assets/img/blog/360x250-5.jpg]
[cryptomarkethtml.bdtask.com/assets/img/blog/360x250-6.jpg]
[cryptomarkethtml.bdtask.com/assets/js/jquery.min.js]
[cryptomarkethtml.bdtask.com/assets/js/bootstrap.min.js]
[cryptomarkethtml.bdtask.com/assets/js/bootsnav.min.js]
[cryptomarkethtml.bdtask.com/assets/js/owl.carousel.min.js]
[cryptomarkethtml.bdtask.com/assets/js/wow.min.js]
[cryptomarkethtml.bdtask.com/assets/js/parallax-background.min.js]
[cryptomarkethtml.bdtask.com/assets/js/jquery.dataTables.min.js]
[cryptomarkethtml.bdtask.com/assets/js/dataTables.bootstrap.min.js]
[cryptomarkethtml.bdtask.com/assets/js/dataTables.responsive.min.js]
[cryptomarkethtml.bdtask.com/assets/js/responsive.bootstrap.min.js]
[cryptomarkethtml.bdtask.com/assets/js/jquery.marquee.min.js]
[cryptomarkethtml.bdtask.com/assets/js/particles.min.js]
[cryptomarkethtml.bdtask.com/assets/js/jquery.magnific-popup.min.js]
[cryptomarkethtml.bdtask.com/assets/js/bootstrap-select.min.js]
[cryptomarkethtml.bdtask.com/assets/js/app.js]
[cryptomarkethtml.bdtask.com/assets/js/custom.js]
[cryptomarkethtml.bdtask.com/index.html]
[cryptomarkethtml.bdtask.com/assets/fonts/glyphicons-halflings-regular.eot]
[cryptomarkethtml.bdtask.com/assets/fonts/glyphicons-halflings-regular.woff2]
[cryptomarkethtml.bdtask.com/assets/fonts/glyphicons-halflings-regulard41d.eot]
[cryptomarkethtml.bdtask.com/assets/fonts/glyphicons-halflings-regular.woff]
[cryptomarkethtml.bdtask.com/assets/fonts/glyphicons-halflings-regular.ttf]
[cryptomarkethtml.bdtask.com/assets/css/bootstrap.min.css]
[cryptomarkethtml.bdtask.com/assets/css/bootsnav.min.css]
[cryptomarkethtml.bdtask.com/assets/css/owl.carousel.min.css]
[cryptomarkethtml.bdtask.com/assets/css/owl.theme.default.min.css]
[cryptomarkethtml.bdtask.com/assets/css/bootstrap-select.min.css]
[cryptomarkethtml.bdtask.com/assets/flag-icons/css/flag-icon.min.css]
[cryptomarkethtml.bdtask.com/assets/font-awesome/fonts/fontawesome-webfont3e6e.eot]
[cryptomarkethtml.bdtask.com/assets/font-awesome/fonts/fontawesome-webfontd41d.eot]
[cryptomarkethtml.bdtask.com/assets/font-awesome/fonts/fontawesome-webfont3e6e.woff2]
[cryptomarkethtml.bdtask.com/assets/font-awesome/fonts/fontawesome-webfont3e6e.woff]
[cryptomarkethtml.bdtask.com/assets/font-awesome/fonts/fontawesome-webfont3e6e.ttf]
[cryptomarkethtml.bdtask.com/assets/font-awesome/css/font-awesome.min.css]
[cryptomarkethtml.bdtask.com/assets/fonts/Linearicons-Free54e9.eot]
[cryptomarkethtml.bdtask.com/assets/fonts/Linearicons-Freed41d.eot]
[cryptomarkethtml.bdtask.com/assets/fonts/Linearicons-Free54e9.woff2]
[cryptomarkethtml.bdtask.com/assets/fonts/Linearicons-Free54e9.woff]
[cryptomarkethtml.bdtask.com/assets/fonts/Linearicons-Free54e9.ttf]
[cryptomarkethtml.bdtask.com/assets/css/linearicons.min.css]
[cryptomarkethtml.bdtask.com/assets/css/animate.min.css]
[cryptomarkethtml.bdtask.com/assets/css/magnific-popup.css]
[cryptomarkethtml.bdtask.com/assets/css/dataTables.bootstrap.min.css]
[cryptomarkethtml.bdtask.com/assets/css/responsive.bootstrap.min.css]
[cryptomarkethtml.bdtask.com/assets/amcharts/export.css]
[cryptomarkethtml.bdtask.com/assets/fonts/Flaticon.eot]
[cryptomarkethtml.bdtask.com/assets/fonts/Flaticon.woff]
[cryptomarkethtml.bdtask.com/assets/fonts/Flaticond41d.eot]
[cryptomarkethtml.bdtask.com/assets/fonts/Flaticon.ttf]
[cryptomarkethtml.bdtask.com/assets/img/slider/1920x1280-1.jpg]
[cryptomarkethtml.bdtask.com/assets/img/slider/1920x1280-2.jpg]
[cryptomarkethtml.bdtask.com/assets/img/slider/1920x1280-3.jpg]
[cryptomarkethtml.bdtask.com/assets/img/line1.png]
[cryptomarkethtml.bdtask.com/assets/img/line2.png]
[cryptomarkethtml.bdtask.com/assets/img/quote.png]
[cryptomarkethtml.bdtask.com/assets/img/team/300x400-1-1.png]
[cryptomarkethtml.bdtask.com/assets/img/team/300x400-1-2.png]
[cryptomarkethtml.bdtask.com/assets/img/team/300x400-2-1.png]
[cryptomarkethtml.bdtask.com/assets/img/team/300x400-2-2.png]
[cryptomarkethtml.bdtask.com/assets/img/team/300x400-3-1.png]
[cryptomarkethtml.bdtask.com/assets/img/team/300x400-3-2.png]
[cryptomarkethtml.bdtask.com/assets/img/team/300x400-4-1.png]
[cryptomarkethtml.bdtask.com/assets/img/team/300x400-4-2.png]
[cryptomarkethtml.bdtask.com/assets/img/team/300x400-5-1.png]
[cryptomarkethtml.bdtask.com/assets/img/team/300x400-5-2.png]
[cryptomarkethtml.bdtask.com/assets/img/team/300x400-6-1.png]
[cryptomarkethtml.bdtask.com/assets/img/team/300x400-6-2.png]
[cryptomarkethtml.bdtask.com/assets/img/world-map-dark.png]
[cryptomarkethtml.bdtask.com/assets/css/style.css]
[cryptomarkethtml.bdtask.com/assets/js/classie.min.js]
[cryptomarkethtml.bdtask.com/register.html]
[cryptomarkethtml.bdtask.com/lending.html]
[cryptomarkethtml.bdtask.com/coinmarket.html]
[cryptomarkethtml.bdtask.com/contact.html]
[cryptomarkethtml.bdtask.com/buy.html]
[cryptomarkethtml.bdtask.com/sell.html]
[cryptomarkethtml.bdtask.com/assets/img/mask.png]
[cryptomarkethtml.bdtask.com/assets/img/add-728x90-1.png]
[cryptomarkethtml.bdtask.com/assets/img/blog/240x160-1.jpg]
[cryptomarkethtml.bdtask.com/assets/img/blog/240x160-2.jpg]
[cryptomarkethtml.bdtask.com/assets/img/blog/240x160-3.jpg]
[cryptomarkethtml.bdtask.com/assets/img/blog/240x160-4.jpg]
[cryptomarkethtml.bdtask.com/assets/img/blog/240x160-5.jpg]
[cryptomarkethtml.bdtask.com/assets/img/blog/240x160-6.jpg]
[cryptomarkethtml.bdtask.com/assets/img/blog/100x75-1.jpg]
[cryptomarkethtml.bdtask.com/assets/img/blog/100x75-2.jpg]
[cryptomarkethtml.bdtask.com/assets/img/blog/100x75-3.jpg]
[cryptomarkethtml.bdtask.com/assets/img/ad-300x250-1.png]
[cryptomarkethtml.bdtask.com/assets/amcharts/amcharts.js]
[cryptomarkethtml.bdtask.com/assets/amcharts/serial.js]
[cryptomarkethtml.bdtask.com/assets/amcharts/amstock.js]
[cryptomarkethtml.bdtask.com/assets/amcharts/export.min.js]
[cryptomarkethtml.bdtask.com/assets/amcharts/script.js]
[cryptomarkethtml.bdtask.com/price.html]
[cryptomarkethtml.bdtask.com/about.html]
[cryptomarkethtml.bdtask.com/service.html]
[cryptomarkethtml.bdtask.com/assets/img/blog/290x232-1.jpg]
[cryptomarkethtml.bdtask.com/assets/img/blog/290x232-2.jpg]
[cryptomarkethtml.bdtask.com/assets/img/blog/290x232-3.jpg]
[cryptomarkethtml.bdtask.com/assets/img/blog/290x232-4.jpg]
[cryptomarkethtml.bdtask.com/assets/img/blog/290x232-5.jpg]
[cryptomarkethtml.bdtask.com/assets/img/blog/290x232-6.jpg]
[cryptomarkethtml.bdtask.com/blog.html]
[cryptomarkethtml.bdtask.com/assets/img/blog/details-1.jpg]
[cryptomarkethtml.bdtask.com/assets/img/blog/img_avatar1.png]
[cryptomarkethtml.bdtask.com/assets/img/blog/img_avatar2.png]
[cryptomarkethtml.bdtask.com/blog-details.html]
[cryptomarkethtml.bdtask.com/faq.html]
[cryptomarkethtml.bdtask.com/assets/img/coin-logo/BTC.svg]
[cryptomarkethtml.bdtask.com/assets/img/coin-logo/ETH.svg]
[cryptomarkethtml.bdtask.com/assets/img/coin-logo/XRP.svg]
[cryptomarkethtml.bdtask.com/assets/img/coin-logo/LTC.svg]
[cryptomarkethtml.bdtask.com/assets/img/coin-logo/tron.svg]
[cryptomarkethtml.bdtask.com/assets/img/coin-logo/BTG.svg]
[cryptomarkethtml.bdtask.com/assets/img/coin-logo/qtum.svg]
[cryptomarkethtml.bdtask.com/assets/img/coin-logo/stellar.svg]
[cryptomarkethtml.bdtask.com/assets/img/coin-logo/DASH.svg]
[cryptomarkethtml.bdtask.com/assets/img/coin-logo/ETC.svg]
[cryptomarkethtml.bdtask.com/assets/img/coin-logo/ZEC.svg]
[cryptomarkethtml.bdtask.com/assets/img/coin-logo/neo.svg]
[cryptomarkethtml.bdtask.com/assets/img/coin-logo/EURGBP.svg]
[cryptomarkethtml.bdtask.com/assets/img/coin-logo/AAPL.svg]
[cryptomarkethtml.bdtask.com/assets/img/coin-logo/GOOG.svg]
[cryptomarkethtml.bdtask.com/assets/img/coin-logo/AMZN.svg]
[cryptomarkethtml.bdtask.com/assets/img/coin-logo/FB.svg]
[cryptomarkethtml.bdtask.com/assets/img/coin-logo/MSFT.svg]
[cryptomarkethtml.bdtask.com/exchange.html]
[cryptomarkethtml.bdtask.com/assets/fonts/glyphicons-halflings-regular.svg]
[cryptomarkethtml.bdtask.com/assets/css/owl.video.play.html]
[cryptomarkethtml.bdtask.com/assets/flag-icons/flags/4x3/ad.svg]
[cryptomarkethtml.bdtask.com/assets/flag-icons/flags/1x1/ad.svg]
[cryptomarkethtml.bdtask.com/assets/flag-icons/flags/4x3/ae.svg]
[cryptomarkethtml.bdtask.com/assets/flag-icons/flags/1x1/ae.svg]
[cryptomarkethtml.bdtask.com/assets/flag-icons/flags/4x3/af.svg]
[cryptomarkethtml.bdtask.com/assets/flag-icons/flags/1x1/af.svg]
[cryptomarkethtml.bdtask.com/assets/flag-icons/flags/4x3/ag.svg]
[cryptomarkethtml.bdtask.com/assets/flag-icons/flags/1x1/ag.svg]
[cryptomarkethtml.bdtask.com/assets/flag-icons/flags/4x3/ai.svg]
[cryptomarkethtml.bdtask.com/assets/flag-icons/flags/1x1/ai.svg]
[cryptomarkethtml.bdtask.com/assets/flag-icons/flags/4x3/al.svg]
[cryptomarkethtml.bdtask.com/assets/flag-icons/flags/1x1/al.svg]
[cryptomarkethtml.bdtask.com/assets/flag-icons/flags/4x3/am.svg]
[cryptomarkethtml.bdtask.com/assets/flag-icons/flags/1x1/am.svg]
[cryptomarkethtml.bdtask.com/assets/flag-icons/flags/4x3/ao.svg]
[cryptomarkethtml.bdtask.com/assets/flag-icons/flags/1x1/ao.svg]
[cryptomarkethtml.bdtask.com/assets/flag-icons/flags/4x3/aq.svg]
[cryptomarkethtml.bdtask.com/assets/flag-icons/flags/1x1/aq.svg]
[cryptomarkethtml.bdtask.com/assets/flag-icons/flags/4x3/ar.svg]
[cryptomarkethtml.bdtask.com/assets/flag-icons/flags/1x1/ar.svg]
[cryptomarkethtml.bdtask.com/assets/flag-icons/flags/4x3/as.svg]
[cryptomarkethtml.bdtask.com/assets/flag-icons/flags/1x1/as.svg]
[cryptomarkethtml.bdtask.com/assets/flag-icons/flags/4x3/at.svg]
[cryptomarkethtml.bdtask.com/assets/flag-icons/flags/1x1/at.svg]
[cryptomarkethtml.bdtask.com/assets/flag-icons/flags/4x3/au.svg]
[cryptomarkethtml.bdtask.com/assets/flag-icons/flags/1x1/au.svg]
[cryptomarkethtml.bdtask.com/assets/flag-icons/flags/4x3/aw.svg]
[cryptomarkethtml.bdtask.com/assets/flag-icons/flags/1x1/aw.svg]
[cryptomarkethtml.bdtask.com/assets/flag-icons/flags/4x3/ax.svg]
[cryptomarkethtml.bdtask.com/assets/flag-icons/flags/1x1/ax.svg]
[cryptomarkethtml.bdtask.com/assets/flag-icons/flags/4x3/az.svg]
[cryptomarkethtml.bdtask.com/assets/flag-icons/flags/1x1/az.svg]
[cryptomarkethtml.bdtask.com/assets/flag-icons/flags/4x3/ba.svg]
[cryptomarkethtml.bdtask.com/assets/flag-icons/flags/1x1/ba.svg]
[cryptomarkethtml.bdtask.com/assets/flag-icons/flags/4x3/bb.svg]
[cryptomarkethtml.bdtask.com/assets/flag-icons/flags/1x1/bb.svg]
[cryptomarkethtml.bdtask.com/assets/flag-icons/flags/4x3/bd.svg]
[cryptomarkethtml.bdtask.com/assets/flag-icons/flags/1x1/bd.svg]
[cryptomarkethtml.bdtask.com/assets/flag-icons/flags/4x3/be.svg]
[cryptomarkethtml.bdtask.com/assets/flag-icons/flags/1x1/be.svg]
[cryptomarkethtml.bdtask.com/assets/flag-icons/flags/4x3/bf.svg]
[cryptomarkethtml.bdtask.com/assets/flag-icons/flags/1x1/bf.svg]
[cryptomarkethtml.bdtask.com/assets/flag-icons/flags/4x3/bg.svg]
[cryptomarkethtml.bdtask.com/assets/flag-icons/flags/1x1/bg.svg]
[cryptomarkethtml.bdtask.com/assets/flag-icons/flags/4x3/bh.svg]
[cryptomarkethtml.bdtask.com/assets/flag-icons/flags/1x1/bh.svg]
[cryptomarkethtml.bdtask.com/assets/flag-icons/flags/4x3/bi.svg]
[cryptomarkethtml.bdtask.com/assets/flag-icons/flags/1x1/bi.svg]
[cryptomarkethtml.bdtask.com/assets/flag-icons/flags/4x3/bj.svg]
[cryptomarkethtml.bdtask.com/assets/flag-icons/flags/1x1/bj.svg]
[cryptomarkethtml.bdtask.com/assets/flag-icons/flags/4x3/bl.svg]
[cryptomarkethtml.bdtask.com/assets/flag-icons/flags/1x1/bl.svg]
[cryptomarkethtml.bdtask.com/assets/flag-icons/flags/4x3/bm.svg]
[cryptomarkethtml.bdtask.com/assets/flag-icons/flags/1x1/bm.svg]
[cryptomarkethtml.bdtask.com/assets/flag-icons/flags/4x3/bn.svg]
[cryptomarkethtml.bdtask.com/assets/flag-icons/flags/1x1/bn.svg]
[cryptomarkethtml.bdtask.com/assets/flag-icons/flags/4x3/bo.svg]
[cryptomarkethtml.bdtask.com/assets/flag-icons/flags/1x1/bo.svg]
[cryptomarkethtml.bdtask.com/assets/flag-icons/flags/4x3/bq.svg]
[cryptomarkethtml.bdtask.com/assets/flag-icons/flags/1x1/bq.svg]
[cryptomarkethtml.bdtask.com/assets/flag-icons/flags/4x3/br.svg]
[cryptomarkethtml.bdtask.com/assets/flag-icons/flags/1x1/br.svg]
[cryptomarkethtml.bdtask.com/assets/flag-icons/flags/4x3/bs.svg]
[cryptomarkethtml.bdtask.com/assets/flag-icons/flags/1x1/bs.svg]
[cryptomarkethtml.bdtask.com/assets/flag-icons/flags/4x3/bt.svg]
[cryptomarkethtml.bdtask.com/assets/flag-icons/flags/1x1/bt.svg]
[cryptomarkethtml.bdtask.com/assets/flag-icons/flags/4x3/bv.svg]
[cryptomarkethtml.bdtask.com/assets/flag-icons/flags/1x1/bv.svg]
[cryptomarkethtml.bdtask.com/assets/flag-icons/flags/4x3/bw.svg]
[cryptomarkethtml.bdtask.com/assets/flag-icons/flags/1x1/bw.svg]
[cryptomarkethtml.bdtask.com/assets/flag-icons/flags/4x3/by.svg]
[cryptomarkethtml.bdtask.com/assets/flag-icons/flags/1x1/by.svg]
[cryptomarkethtml.bdtask.com/assets/flag-icons/flags/4x3/bz.svg]
[cryptomarkethtml.bdtask.com/assets/flag-icons/flags/1x1/bz.svg]
[cryptomarkethtml.bdtask.com/assets/flag-icons/flags/4x3/ca.svg]
[cryptomarkethtml.bdtask.com/assets/flag-icons/flags/1x1/ca.svg]
[cryptomarkethtml.bdtask.com/assets/flag-icons/flags/4x3/cc.svg]
[cryptomarkethtml.bdtask.com/assets/flag-icons/flags/1x1/cc.svg]
[cryptomarkethtml.bdtask.com/assets/flag-icons/flags/4x3/cd.svg]
[cryptomarkethtml.bdtask.com/assets/flag-icons/flags/1x1/cd.svg]
[cryptomarkethtml.bdtask.com/assets/flag-icons/flags/4x3/cf.svg]
[cryptomarkethtml.bdtask.com/assets/flag-icons/flags/1x1/cf.svg]
[cryptomarkethtml.bdtask.com/assets/flag-icons/flags/4x3/cg.svg]
[cryptomarkethtml.bdtask.com/assets/flag-icons/flags/1x1/cg.svg]
[cryptomarkethtml.bdtask.com/assets/flag-icons/flags/4x3/ch.svg]
[cryptomarkethtml.bdtask.com/assets/flag-icons/flags/1x1/ch.svg]
[cryptomarkethtml.bdtask.com/assets/flag-icons/flags/4x3/ci.svg]
[cryptomarkethtml.bdtask.com/assets/flag-icons/flags/1x1/ci.svg]
[cryptomarkethtml.bdtask.com/assets/flag-icons/flags/4x3/ck.svg]
[cryptomarkethtml.bdtask.com/assets/flag-icons/flags/1x1/ck.svg]
[cryptomarkethtml.bdtask.com/assets/flag-icons/flags/4x3/cl.svg]
[cryptomarkethtml.bdtask.com/assets/flag-icons/flags/1x1/cl.svg]
[cryptomarkethtml.bdtask.com/assets/flag-icons/flags/4x3/cm.svg]
[cryptomarkethtml.bdtask.com/assets/flag-icons/flags/1x1/cm.svg]
[cryptomarkethtml.bdtask.com/assets/flag-icons/flags/4x3/cn.svg]
[cryptomarkethtml.bdtask.com/assets/flag-icons/flags/1x1/cn.svg]
[cryptomarkethtml.bdtask.com/assets/flag-icons/flags/4x3/co.svg]
[cryptomarkethtml.bdtask.com/assets/flag-icons/flags/1x1/co.svg]
[cryptomarkethtml.bdtask.com/assets/flag-icons/flags/4x3/cr.svg]
[cryptomarkethtml.bdtask.com/assets/flag-icons/flags/1x1/cr.svg]
[cryptomarkethtml.bdtask.com/assets/flag-icons/flags/4x3/cu.svg]
[cryptomarkethtml.bdtask.com/assets/flag-icons/flags/1x1/cu.svg]
[cryptomarkethtml.bdtask.com/assets/flag-icons/flags/4x3/cv.svg]
[cryptomarkethtml.bdtask.com/assets/flag-icons/flags/1x1/cv.svg]
[cryptomarkethtml.bdtask.com/assets/flag-icons/flags/4x3/cw.svg]
[cryptomarkethtml.bdtask.com/assets/flag-icons/flags/1x1/cw.svg]
[cryptomarkethtml.bdtask.com/assets/flag-icons/flags/4x3/cx.svg]
[cryptomarkethtml.bdtask.com/assets/flag-icons/flags/1x1/cx.svg]
[cryptomarkethtml.bdtask.com/assets/flag-icons/flags/4x3/cy.svg]
[cryptomarkethtml.bdtask.com/assets/flag-icons/flags/1x1/cy.svg]
[cryptomarkethtml.bdtask.com/assets/flag-icons/flags/4x3/cz.svg]
[cryptomarkethtml.bdtask.com/assets/flag-icons/flags/1x1/cz.svg]
[cryptomarkethtml.bdtask.com/assets/flag-icons/flags/4x3/de.svg]
[cryptomarkethtml.bdtask.com/assets/flag-icons/flags/1x1/de.svg]
[cryptomarkethtml.bdtask.com/assets/flag-icons/flags/4x3/dj.svg]
[cryptomarkethtml.bdtask.com/assets/flag-icons/flags/1x1/dj.svg]
[cryptomarkethtml.bdtask.com/assets/flag-icons/flags/4x3/dk.svg]
[cryptomarkethtml.bdtask.com/assets/flag-icons/flags/1x1/dk.svg]
[cryptomarkethtml.bdtask.com/assets/flag-icons/flags/4x3/dm.svg]
[cryptomarkethtml.bdtask.com/assets/flag-icons/flags/1x1/dm.svg]
[cryptomarkethtml.bdtask.com/assets/flag-icons/flags/4x3/do.svg]
[cryptomarkethtml.bdtask.com/assets/flag-icons/flags/1x1/do.svg]
[cryptomarkethtml.bdtask.com/assets/flag-icons/flags/4x3/dz.svg]
[cryptomarkethtml.bdtask.com/assets/flag-icons/flags/1x1/dz.svg]
[cryptomarkethtml.bdtask.com/assets/flag-icons/flags/4x3/ec.svg]
[cryptomarkethtml.bdtask.com/assets/flag-icons/flags/1x1/ec.svg]
[cryptomarkethtml.bdtask.com/assets/flag-icons/flags/4x3/ee.svg]
[cryptomarkethtml.bdtask.com/assets/flag-icons/flags/1x1/ee.svg]
[cryptomarkethtml.bdtask.com/assets/flag-icons/flags/4x3/eg.svg]
[cryptomarkethtml.bdtask.com/assets/flag-icons/flags/1x1/eg.svg]
[cryptomarkethtml.bdtask.com/assets/flag-icons/flags/4x3/eh.svg]
[cryptomarkethtml.bdtask.com/assets/flag-icons/flags/1x1/eh.svg]
[cryptomarkethtml.bdtask.com/assets/flag-icons/flags/4x3/er.svg]
[cryptomarkethtml.bdtask.com/assets/flag-icons/flags/1x1/er.svg]
[cryptomarkethtml.bdtask.com/assets/flag-icons/flags/4x3/es.svg]
[cryptomarkethtml.bdtask.com/assets/flag-icons/flags/1x1/es.svg]
[cryptomarkethtml.bdtask.com/assets/flag-icons/flags/4x3/et.svg]
[cryptomarkethtml.bdtask.com/assets/flag-icons/flags/1x1/et.svg]
[cryptomarkethtml.bdtask.com/assets/flag-icons/flags/4x3/fi.svg]
[cryptomarkethtml.bdtask.com/assets/flag-icons/flags/1x1/fi.svg]
[cryptomarkethtml.bdtask.com/assets/flag-icons/flags/4x3/fj.svg]
[cryptomarkethtml.bdtask.com/assets/flag-icons/flags/1x1/fj.svg]
[cryptomarkethtml.bdtask.com/assets/flag-icons/flags/4x3/fk.svg]
[cryptomarkethtml.bdtask.com/assets/flag-icons/flags/1x1/fk.svg]
[cryptomarkethtml.bdtask.com/assets/flag-icons/flags/4x3/fm.svg]
[cryptomarkethtml.bdtask.com/assets/flag-icons/flags/1x1/fm.svg]
[cryptomarkethtml.bdtask.com/assets/flag-icons/flags/4x3/fo.svg]
[cryptomarkethtml.bdtask.com/assets/flag-icons/flags/1x1/fo.svg]
[cryptomarkethtml.bdtask.com/assets/flag-icons/flags/4x3/fr.svg]
[cryptomarkethtml.bdtask.com/assets/flag-icons/flags/1x1/fr.svg]
[cryptomarkethtml.bdtask.com/assets/flag-icons/flags/4x3/ga.svg]
[cryptomarkethtml.bdtask.com/assets/flag-icons/flags/1x1/ga.svg]
[cryptomarkethtml.bdtask.com/assets/flag-icons/flags/4x3/gb.svg]
[cryptomarkethtml.bdtask.com/assets/flag-icons/flags/1x1/gb.svg]
[cryptomarkethtml.bdtask.com/assets/flag-icons/flags/4x3/gd.svg]
[cryptomarkethtml.bdtask.com/assets/flag-icons/flags/1x1/gd.svg]
[cryptomarkethtml.bdtask.com/assets/flag-icons/flags/4x3/ge.svg]
[cryptomarkethtml.bdtask.com/assets/flag-icons/flags/1x1/ge.svg]
[cryptomarkethtml.bdtask.com/assets/flag-icons/flags/4x3/gf.svg]
[cryptomarkethtml.bdtask.com/assets/flag-icons/flags/1x1/gf.svg]
[cryptomarkethtml.bdtask.com/assets/flag-icons/flags/4x3/gg.svg]
[cryptomarkethtml.bdtask.com/assets/flag-icons/flags/1x1/gg.svg]
[cryptomarkethtml.bdtask.com/assets/flag-icons/flags/4x3/gh.svg]
[cryptomarkethtml.bdtask.com/assets/flag-icons/flags/1x1/gh.svg]
[cryptomarkethtml.bdtask.com/assets/flag-icons/flags/4x3/gi.svg]
[cryptomarkethtml.bdtask.com/assets/flag-icons/flags/1x1/gi.svg]
[cryptomarkethtml.bdtask.com/assets/flag-icons/flags/4x3/gl.svg]
[cryptomarkethtml.bdtask.com/assets/flag-icons/flags/1x1/gl.svg]
[cryptomarkethtml.bdtask.com/assets/flag-icons/flags/4x3/gm.svg]
[cryptomarkethtml.bdtask.com/assets/flag-icons/flags/1x1/gm.svg]
[cryptomarkethtml.bdtask.com/assets/flag-icons/flags/4x3/gn.svg]
[cryptomarkethtml.bdtask.com/assets/flag-icons/flags/1x1/gn.svg]
[cryptomarkethtml.bdtask.com/assets/flag-icons/flags/4x3/gp.svg]
[cryptomarkethtml.bdtask.com/assets/flag-icons/flags/1x1/gp.svg]
[cryptomarkethtml.bdtask.com/assets/flag-icons/flags/4x3/gq.svg]
[cryptomarkethtml.bdtask.com/assets/flag-icons/flags/1x1/gq.svg]
[cryptomarkethtml.bdtask.com/assets/flag-icons/flags/4x3/gr.svg]
[cryptomarkethtml.bdtask.com/assets/flag-icons/flags/1x1/gr.svg]
[cryptomarkethtml.bdtask.com/assets/flag-icons/flags/4x3/gs.svg]
[cryptomarkethtml.bdtask.com/assets/flag-icons/flags/1x1/gs.svg]
[cryptomarkethtml.bdtask.com/assets/flag-icons/flags/4x3/gt.svg]
[cryptomarkethtml.bdtask.com/assets/flag-icons/flags/1x1/gt.svg]
[cryptomarkethtml.bdtask.com/assets/flag-icons/flags/4x3/gu.svg]
[cryptomarkethtml.bdtask.com/assets/flag-icons/flags/1x1/gu.svg]
[cryptomarkethtml.bdtask.com/assets/flag-icons/flags/4x3/gw.svg]
[cryptomarkethtml.bdtask.com/assets/flag-icons/flags/1x1/gw.svg]
[cryptomarkethtml.bdtask.com/assets/flag-icons/flags/4x3/gy.svg]
[cryptomarkethtml.bdtask.com/assets/flag-icons/flags/1x1/gy.svg]
[cryptomarkethtml.bdtask.com/assets/flag-icons/flags/4x3/hk.svg]
[cryptomarkethtml.bdtask.com/assets/flag-icons/flags/1x1/hk.svg]
[cryptomarkethtml.bdtask.com/assets/flag-icons/flags/4x3/hm.svg]
[cryptomarkethtml.bdtask.com/assets/flag-icons/flags/1x1/hm.svg]
[cryptomarkethtml.bdtask.com/assets/flag-icons/flags/4x3/hn.svg]
[cryptomarkethtml.bdtask.com/assets/flag-icons/flags/1x1/hn.svg]
[cryptomarkethtml.bdtask.com/assets/flag-icons/flags/4x3/hr.svg]
[cryptomarkethtml.bdtask.com/assets/flag-icons/flags/1x1/hr.svg]
[cryptomarkethtml.bdtask.com/assets/flag-icons/flags/4x3/ht.svg]
[cryptomarkethtml.bdtask.com/assets/flag-icons/flags/1x1/ht.svg]
[cryptomarkethtml.bdtask.com/assets/flag-icons/flags/4x3/hu.svg]
[cryptomarkethtml.bdtask.com/assets/flag-icons/flags/1x1/hu.svg]
[cryptomarkethtml.bdtask.com/assets/flag-icons/flags/4x3/id.svg]
[cryptomarkethtml.bdtask.com/assets/flag-icons/flags/1x1/id.svg]
[cryptomarkethtml.bdtask.com/assets/flag-icons/flags/4x3/ie.svg]
[cryptomarkethtml.bdtask.com/assets/flag-icons/flags/1x1/ie.svg]
[cryptomarkethtml.bdtask.com/assets/flag-icons/flags/4x3/il.svg]
[cryptomarkethtml.bdtask.com/assets/flag-icons/flags/1x1/il.svg]
[cryptomarkethtml.bdtask.com/assets/flag-icons/flags/4x3/im.svg]
[cryptomarkethtml.bdtask.com/assets/flag-icons/flags/1x1/im.svg]
[cryptomarkethtml.bdtask.com/assets/flag-icons/flags/4x3/in.svg]
[cryptomarkethtml.bdtask.com/assets/flag-icons/flags/1x1/in.svg]
[cryptomarkethtml.bdtask.com/assets/flag-icons/flags/4x3/io.svg]
[cryptomarkethtml.bdtask.com/assets/flag-icons/flags/1x1/io.svg]
[cryptomarkethtml.bdtask.com/assets/flag-icons/flags/4x3/iq.svg]
[cryptomarkethtml.bdtask.com/assets/flag-icons/flags/1x1/iq.svg]
[cryptomarkethtml.bdtask.com/assets/flag-icons/flags/4x3/ir.svg]
[cryptomarkethtml.bdtask.com/assets/flag-icons/flags/1x1/ir.svg]
[cryptomarkethtml.bdtask.com/assets/flag-icons/flags/4x3/is.svg]
[cryptomarkethtml.bdtask.com/assets/flag-icons/flags/1x1/is.svg]
[cryptomarkethtml.bdtask.com/assets/flag-icons/flags/4x3/it.svg]
[cryptomarkethtml.bdtask.com/assets/flag-icons/flags/1x1/it.svg]
[cryptomarkethtml.bdtask.com/assets/flag-icons/flags/4x3/je.svg]
[cryptomarkethtml.bdtask.com/assets/flag-icons/flags/1x1/je.svg]
[cryptomarkethtml.bdtask.com/assets/flag-icons/flags/4x3/jm.svg]
[cryptomarkethtml.bdtask.com/assets/flag-icons/flags/1x1/jm.svg]
[cryptomarkethtml.bdtask.com/assets/flag-icons/flags/4x3/jo.svg]
[cryptomarkethtml.bdtask.com/assets/flag-icons/flags/1x1/jo.svg]
[cryptomarkethtml.bdtask.com/assets/flag-icons/flags/4x3/jp.svg]
[cryptomarkethtml.bdtask.com/assets/flag-icons/flags/1x1/jp.svg]
[cryptomarkethtml.bdtask.com/assets/flag-icons/flags/4x3/ke.svg]
[cryptomarkethtml.bdtask.com/assets/flag-icons/flags/1x1/ke.svg]
[cryptomarkethtml.bdtask.com/assets/flag-icons/flags/4x3/kg.svg]
[cryptomarkethtml.bdtask.com/assets/flag-icons/flags/1x1/kg.svg]
[cryptomarkethtml.bdtask.com/assets/flag-icons/flags/4x3/kh.svg]
[cryptomarkethtml.bdtask.com/assets/flag-icons/flags/1x1/kh.svg]
[cryptomarkethtml.bdtask.com/assets/flag-icons/flags/4x3/ki.svg]
[cryptomarkethtml.bdtask.com/assets/flag-icons/flags/1x1/ki.svg]
[cryptomarkethtml.bdtask.com/assets/flag-icons/flags/4x3/km.svg]
[cryptomarkethtml.bdtask.com/assets/flag-icons/flags/1x1/km.svg]
[cryptomarkethtml.bdtask.com/assets/flag-icons/flags/4x3/kn.svg]
[cryptomarkethtml.bdtask.com/assets/flag-icons/flags/1x1/kn.svg]
[cryptomarkethtml.bdtask.com/assets/flag-icons/flags/4x3/kp.svg]
[cryptomarkethtml.bdtask.com/assets/flag-icons/flags/1x1/kp.svg]
[cryptomarkethtml.bdtask.com/assets/flag-icons/flags/4x3/kr.svg]
[cryptomarkethtml.bdtask.com/assets/flag-icons/flags/1x1/kr.svg]
[cryptomarkethtml.bdtask.com/assets/flag-icons/flags/4x3/kw.svg]
[cryptomarkethtml.bdtask.com/assets/flag-icons/flags/1x1/kw.svg]
[cryptomarkethtml.bdtask.com/assets/flag-icons/flags/4x3/ky.svg]
[cryptomarkethtml.bdtask.com/assets/flag-icons/flags/1x1/ky.svg]
[cryptomarkethtml.bdtask.com/assets/flag-icons/flags/4x3/kz.svg]
[cryptomarkethtml.bdtask.com/assets/flag-icons/flags/1x1/kz.svg]
[cryptomarkethtml.bdtask.com/assets/flag-icons/flags/4x3/la.svg]
[cryptomarkethtml.bdtask.com/assets/flag-icons/flags/1x1/la.svg]
[cryptomarkethtml.bdtask.com/assets/flag-icons/flags/4x3/lb.svg]
[cryptomarkethtml.bdtask.com/assets/flag-icons/flags/1x1/lb.svg]
[cryptomarkethtml.bdtask.com/assets/flag-icons/flags/4x3/lc.svg]
[cryptomarkethtml.bdtask.com/assets/flag-icons/flags/1x1/lc.svg]
[cryptomarkethtml.bdtask.com/assets/flag-icons/flags/4x3/li.svg]
[cryptomarkethtml.bdtask.com/assets/flag-icons/flags/1x1/li.svg]
[cryptomarkethtml.bdtask.com/assets/flag-icons/flags/4x3/lk.svg]
[cryptomarkethtml.bdtask.com/assets/flag-icons/flags/1x1/lk.svg]
[cryptomarkethtml.bdtask.com/assets/flag-icons/flags/4x3/lr.svg]
[cryptomarkethtml.bdtask.com/assets/flag-icons/flags/1x1/lr.svg]
[cryptomarkethtml.bdtask.com/assets/flag-icons/flags/4x3/ls.svg]
[cryptomarkethtml.bdtask.com/assets/flag-icons/flags/1x1/ls.svg]
[cryptomarkethtml.bdtask.com/assets/flag-icons/flags/4x3/lt.svg]
[cryptomarkethtml.bdtask.com/assets/flag-icons/flags/1x1/lt.svg]
[cryptomarkethtml.bdtask.com/assets/flag-icons/flags/4x3/lu.svg]
[cryptomarkethtml.bdtask.com/assets/flag-icons/flags/1x1/lu.svg]
[cryptomarkethtml.bdtask.com/assets/flag-icons/flags/4x3/lv.svg]
[cryptomarkethtml.bdtask.com/assets/flag-icons/flags/1x1/lv.svg]
[cryptomarkethtml.bdtask.com/assets/flag-icons/flags/4x3/ly.svg]
[cryptomarkethtml.bdtask.com/assets/flag-icons/flags/1x1/ly.svg]
[cryptomarkethtml.bdtask.com/assets/flag-icons/flags/4x3/ma.svg]
[cryptomarkethtml.bdtask.com/assets/flag-icons/flags/1x1/ma.svg]
[cryptomarkethtml.bdtask.com/assets/flag-icons/flags/4x3/mc.svg]
[cryptomarkethtml.bdtask.com/assets/flag-icons/flags/1x1/mc.svg]
[cryptomarkethtml.bdtask.com/assets/flag-icons/flags/4x3/md.svg]
[cryptomarkethtml.bdtask.com/assets/flag-icons/flags/1x1/md.svg]
[cryptomarkethtml.bdtask.com/assets/flag-icons/flags/4x3/me.svg]
[cryptomarkethtml.bdtask.com/assets/flag-icons/flags/1x1/me.svg]
[cryptomarkethtml.bdtask.com/assets/flag-icons/flags/4x3/mf.svg]
[cryptomarkethtml.bdtask.com/assets/flag-icons/flags/1x1/mf.svg]
[cryptomarkethtml.bdtask.com/assets/flag-icons/flags/4x3/mg.svg]
[cryptomarkethtml.bdtask.com/assets/flag-icons/flags/1x1/mg.svg]
[cryptomarkethtml.bdtask.com/assets/flag-icons/flags/4x3/mh.svg]
[cryptomarkethtml.bdtask.com/assets/flag-icons/flags/1x1/mh.svg]
[cryptomarkethtml.bdtask.com/assets/flag-icons/flags/4x3/mk.svg]
[cryptomarkethtml.bdtask.com/assets/flag-icons/flags/1x1/mk.svg]
[cryptomarkethtml.bdtask.com/assets/flag-icons/flags/4x3/ml.svg]
[cryptomarkethtml.bdtask.com/assets/flag-icons/flags/1x1/ml.svg]
[cryptomarkethtml.bdtask.com/assets/flag-icons/flags/4x3/mm.svg]
[cryptomarkethtml.bdtask.com/assets/flag-icons/flags/1x1/mm.svg]
[cryptomarkethtml.bdtask.com/assets/flag-icons/flags/4x3/mn.svg]
[cryptomarkethtml.bdtask.com/assets/flag-icons/flags/1x1/mn.svg]
[cryptomarkethtml.bdtask.com/assets/flag-icons/flags/4x3/mo.svg]
[cryptomarkethtml.bdtask.com/assets/flag-icons/flags/1x1/mo.svg]
[cryptomarkethtml.bdtask.com/assets/flag-icons/flags/4x3/mp.svg]
[cryptomarkethtml.bdtask.com/assets/flag-icons/flags/1x1/mp.svg]
[cryptomarkethtml.bdtask.com/assets/flag-icons/flags/4x3/mq.svg]
[cryptomarkethtml.bdtask.com/assets/flag-icons/flags/1x1/mq.svg]
[cryptomarkethtml.bdtask.com/assets/flag-icons/flags/4x3/mr.svg]
[cryptomarkethtml.bdtask.com/assets/flag-icons/flags/1x1/mr.svg]
[cryptomarkethtml.bdtask.com/assets/flag-icons/flags/4x3/ms.svg]
[cryptomarkethtml.bdtask.com/assets/flag-icons/flags/1x1/ms.svg]
[cryptomarkethtml.bdtask.com/assets/flag-icons/flags/4x3/mt.svg]
[cryptomarkethtml.bdtask.com/assets/flag-icons/flags/1x1/mt.svg]
[cryptomarkethtml.bdtask.com/assets/flag-icons/flags/4x3/mu.svg]
[cryptomarkethtml.bdtask.com/assets/flag-icons/flags/1x1/mu.svg]
[cryptomarkethtml.bdtask.com/assets/flag-icons/flags/4x3/mv.svg]
[cryptomarkethtml.bdtask.com/assets/flag-icons/flags/1x1/mv.svg]
[cryptomarkethtml.bdtask.com/assets/flag-icons/flags/4x3/mw.svg]
[cryptomarkethtml.bdtask.com/assets/flag-icons/flags/1x1/mw.svg]
[cryptomarkethtml.bdtask.com/assets/flag-icons/flags/4x3/mx.svg]
[cryptomarkethtml.bdtask.com/assets/flag-icons/flags/1x1/mx.svg]
[cryptomarkethtml.bdtask.com/assets/flag-icons/flags/4x3/my.svg]
[cryptomarkethtml.bdtask.com/assets/flag-icons/flags/1x1/my.svg]
[cryptomarkethtml.bdtask.com/assets/flag-icons/flags/4x3/mz.svg]
[cryptomarkethtml.bdtask.com/assets/flag-icons/flags/1x1/mz.svg]
[cryptomarkethtml.bdtask.com/assets/flag-icons/flags/4x3/na.svg]
[cryptomarkethtml.bdtask.com/assets/flag-icons/flags/1x1/na.svg]
[cryptomarkethtml.bdtask.com/assets/flag-icons/flags/4x3/nc.svg]
[cryptomarkethtml.bdtask.com/assets/flag-icons/flags/1x1/nc.svg]
[cryptomarkethtml.bdtask.com/assets/flag-icons/flags/4x3/ne.svg]
[cryptomarkethtml.bdtask.com/assets/flag-icons/flags/1x1/ne.svg]
[cryptomarkethtml.bdtask.com/assets/flag-icons/flags/4x3/nf.svg]
[cryptomarkethtml.bdtask.com/assets/flag-icons/flags/1x1/nf.svg]
[cryptomarkethtml.bdtask.com/assets/flag-icons/flags/4x3/ng.svg]
[cryptomarkethtml.bdtask.com/assets/flag-icons/flags/1x1/ng.svg]
[cryptomarkethtml.bdtask.com/assets/flag-icons/flags/4x3/ni.svg]
[cryptomarkethtml.bdtask.com/assets/flag-icons/flags/1x1/ni.svg]
[cryptomarkethtml.bdtask.com/assets/flag-icons/flags/4x3/nl.svg]
[cryptomarkethtml.bdtask.com/assets/flag-icons/flags/1x1/nl.svg]
[cryptomarkethtml.bdtask.com/assets/flag-icons/flags/4x3/no.svg]
[cryptomarkethtml.bdtask.com/assets/flag-icons/flags/1x1/no.svg]
[cryptomarkethtml.bdtask.com/assets/flag-icons/flags/4x3/np.svg]
[cryptomarkethtml.bdtask.com/assets/flag-icons/flags/1x1/np.svg]
[cryptomarkethtml.bdtask.com/assets/flag-icons/flags/4x3/nr.svg]
[cryptomarkethtml.bdtask.com/assets/flag-icons/flags/1x1/nr.svg]
[cryptomarkethtml.bdtask.com/assets/flag-icons/flags/4x3/nu.svg]
[cryptomarkethtml.bdtask.com/assets/flag-icons/flags/1x1/nu.svg]
[cryptomarkethtml.bdtask.com/assets/flag-icons/flags/4x3/nz.svg]
[cryptomarkethtml.bdtask.com/assets/flag-icons/flags/1x1/nz.svg]
[cryptomarkethtml.bdtask.com/assets/flag-icons/flags/4x3/om.svg]
[cryptomarkethtml.bdtask.com/assets/flag-icons/flags/1x1/om.svg]
[cryptomarkethtml.bdtask.com/assets/flag-icons/flags/4x3/pa.svg]
[cryptomarkethtml.bdtask.com/assets/flag-icons/flags/1x1/pa.svg]
[cryptomarkethtml.bdtask.com/assets/flag-icons/flags/4x3/pe.svg]
[cryptomarkethtml.bdtask.com/assets/flag-icons/flags/1x1/pe.svg]
[cryptomarkethtml.bdtask.com/assets/flag-icons/flags/4x3/pf.svg]
[cryptomarkethtml.bdtask.com/assets/flag-icons/flags/1x1/pf.svg]
[cryptomarkethtml.bdtask.com/assets/flag-icons/flags/4x3/pg.svg]
[cryptomarkethtml.bdtask.com/assets/flag-icons/flags/1x1/pg.svg]
[cryptomarkethtml.bdtask.com/assets/flag-icons/flags/4x3/ph.svg]
[cryptomarkethtml.bdtask.com/assets/flag-icons/flags/1x1/ph.svg]
[cryptomarkethtml.bdtask.com/assets/flag-icons/flags/4x3/pk.svg]
[cryptomarkethtml.bdtask.com/assets/flag-icons/flags/1x1/pk.svg]
[cryptomarkethtml.bdtask.com/assets/flag-icons/flags/4x3/pl.svg]
[cryptomarkethtml.bdtask.com/assets/flag-icons/flags/1x1/pl.svg]
[cryptomarkethtml.bdtask.com/assets/flag-icons/flags/4x3/pm.svg]
[cryptomarkethtml.bdtask.com/assets/flag-icons/flags/1x1/pm.svg]
[cryptomarkethtml.bdtask.com/assets/flag-icons/flags/4x3/pn.svg]
[cryptomarkethtml.bdtask.com/assets/flag-icons/flags/1x1/pn.svg]
[cryptomarkethtml.bdtask.com/assets/flag-icons/flags/4x3/pr.svg]
[cryptomarkethtml.bdtask.com/assets/flag-icons/flags/1x1/pr.svg]
[cryptomarkethtml.bdtask.com/assets/flag-icons/flags/4x3/ps.svg]
[cryptomarkethtml.bdtask.com/assets/flag-icons/flags/1x1/ps.svg]
[cryptomarkethtml.bdtask.com/assets/flag-icons/flags/4x3/pt.svg]
[cryptomarkethtml.bdtask.com/assets/flag-icons/flags/1x1/pt.svg]
[cryptomarkethtml.bdtask.com/assets/flag-icons/flags/4x3/pw.svg]
[cryptomarkethtml.bdtask.com/assets/flag-icons/flags/1x1/pw.svg]
[cryptomarkethtml.bdtask.com/assets/flag-icons/flags/4x3/py.svg]
[cryptomarkethtml.bdtask.com/assets/flag-icons/flags/1x1/py.svg]
[cryptomarkethtml.bdtask.com/assets/flag-icons/flags/4x3/qa.svg]
[cryptomarkethtml.bdtask.com/assets/flag-icons/flags/1x1/qa.svg]
[cryptomarkethtml.bdtask.com/assets/flag-icons/flags/4x3/re.svg]
[cryptomarkethtml.bdtask.com/assets/flag-icons/flags/1x1/re.svg]
[cryptomarkethtml.bdtask.com/assets/flag-icons/flags/4x3/ro.svg]
[cryptomarkethtml.bdtask.com/assets/flag-icons/flags/1x1/ro.svg]
[cryptomarkethtml.bdtask.com/assets/flag-icons/flags/4x3/rs.svg]
[cryptomarkethtml.bdtask.com/assets/flag-icons/flags/1x1/rs.svg]
[cryptomarkethtml.bdtask.com/assets/flag-icons/flags/4x3/ru.svg]
[cryptomarkethtml.bdtask.com/assets/flag-icons/flags/1x1/ru.svg]
[cryptomarkethtml.bdtask.com/assets/flag-icons/flags/4x3/rw.svg]
[cryptomarkethtml.bdtask.com/assets/flag-icons/flags/1x1/rw.svg]
[cryptomarkethtml.bdtask.com/assets/flag-icons/flags/4x3/sa.svg]
[cryptomarkethtml.bdtask.com/assets/flag-icons/flags/1x1/sa.svg]
[cryptomarkethtml.bdtask.com/assets/flag-icons/flags/4x3/sb.svg]
[cryptomarkethtml.bdtask.com/assets/flag-icons/flags/1x1/sb.svg]
[cryptomarkethtml.bdtask.com/assets/flag-icons/flags/4x3/sc.svg]
[cryptomarkethtml.bdtask.com/assets/flag-icons/flags/1x1/sc.svg]
[cryptomarkethtml.bdtask.com/assets/flag-icons/flags/4x3/sd.svg]
[cryptomarkethtml.bdtask.com/assets/flag-icons/flags/1x1/sd.svg]
[cryptomarkethtml.bdtask.com/assets/flag-icons/flags/4x3/se.svg]
[cryptomarkethtml.bdtask.com/assets/flag-icons/flags/1x1/se.svg]
[cryptomarkethtml.bdtask.com/assets/flag-icons/flags/4x3/sg.svg]
[cryptomarkethtml.bdtask.com/assets/flag-icons/flags/1x1/sg.svg]
[cryptomarkethtml.bdtask.com/assets/flag-icons/flags/4x3/sh.svg]
[cryptomarkethtml.bdtask.com/assets/flag-icons/flags/1x1/sh.svg]
[cryptomarkethtml.bdtask.com/assets/flag-icons/flags/4x3/si.svg]
[cryptomarkethtml.bdtask.com/assets/flag-icons/flags/1x1/si.svg]
[cryptomarkethtml.bdtask.com/assets/flag-icons/flags/4x3/sj.svg]
[cryptomarkethtml.bdtask.com/assets/flag-icons/flags/1x1/sj.svg]
[cryptomarkethtml.bdtask.com/assets/flag-icons/flags/4x3/sk.svg]
[cryptomarkethtml.bdtask.com/assets/flag-icons/flags/1x1/sk.svg]
[cryptomarkethtml.bdtask.com/assets/flag-icons/flags/4x3/sl.svg]
[cryptomarkethtml.bdtask.com/assets/flag-icons/flags/1x1/sl.svg]
[cryptomarkethtml.bdtask.com/assets/flag-icons/flags/4x3/sm.svg]
[cryptomarkethtml.bdtask.com/assets/flag-icons/flags/1x1/sm.svg]
[cryptomarkethtml.bdtask.com/assets/flag-icons/flags/4x3/sn.svg]
[cryptomarkethtml.bdtask.com/assets/flag-icons/flags/1x1/sn.svg]
[cryptomarkethtml.bdtask.com/assets/flag-icons/flags/4x3/so.svg]
[cryptomarkethtml.bdtask.com/assets/flag-icons/flags/1x1/so.svg]
[cryptomarkethtml.bdtask.com/assets/flag-icons/flags/4x3/sr.svg]
[cryptomarkethtml.bdtask.com/assets/flag-icons/flags/1x1/sr.svg]
[cryptomarkethtml.bdtask.com/assets/flag-icons/flags/4x3/ss.svg]
[cryptomarkethtml.bdtask.com/assets/flag-icons/flags/1x1/ss.svg]
[cryptomarkethtml.bdtask.com/assets/flag-icons/flags/4x3/st.svg]
[cryptomarkethtml.bdtask.com/assets/flag-icons/flags/1x1/st.svg]
[cryptomarkethtml.bdtask.com/assets/flag-icons/flags/4x3/sv.svg]
[cryptomarkethtml.bdtask.com/assets/flag-icons/flags/1x1/sv.svg]
[cryptomarkethtml.bdtask.com/assets/flag-icons/flags/4x3/sx.svg]
[cryptomarkethtml.bdtask.com/assets/flag-icons/flags/1x1/sx.svg]
[cryptomarkethtml.bdtask.com/assets/flag-icons/flags/4x3/sy.svg]
[cryptomarkethtml.bdtask.com/assets/flag-icons/flags/1x1/sy.svg]
[cryptomarkethtml.bdtask.com/assets/flag-icons/flags/4x3/sz.svg]
[cryptomarkethtml.bdtask.com/assets/flag-icons/flags/1x1/sz.svg]
[cryptomarkethtml.bdtask.com/assets/flag-icons/flags/4x3/tc.svg]
[cryptomarkethtml.bdtask.com/assets/flag-icons/flags/1x1/tc.svg]
[cryptomarkethtml.bdtask.com/assets/flag-icons/flags/4x3/td.svg]
[cryptomarkethtml.bdtask.com/assets/flag-icons/flags/1x1/td.svg]
[cryptomarkethtml.bdtask.com/assets/flag-icons/flags/4x3/tf.svg]
[cryptomarkethtml.bdtask.com/assets/flag-icons/flags/1x1/tf.svg]
[cryptomarkethtml.bdtask.com/assets/flag-icons/flags/4x3/tg.svg]
[cryptomarkethtml.bdtask.com/assets/flag-icons/flags/1x1/tg.svg]
[cryptomarkethtml.bdtask.com/assets/flag-icons/flags/4x3/th.svg]
[cryptomarkethtml.bdtask.com/assets/flag-icons/flags/1x1/th.svg]
[cryptomarkethtml.bdtask.com/assets/flag-icons/flags/4x3/tj.svg]
[cryptomarkethtml.bdtask.com/assets/flag-icons/flags/1x1/tj.svg]
[cryptomarkethtml.bdtask.com/assets/flag-icons/flags/4x3/tk.svg]
[cryptomarkethtml.bdtask.com/assets/flag-icons/flags/1x1/tk.svg]
[cryptomarkethtml.bdtask.com/assets/flag-icons/flags/4x3/tl.svg]
[cryptomarkethtml.bdtask.com/assets/flag-icons/flags/1x1/tl.svg]
[cryptomarkethtml.bdtask.com/assets/flag-icons/flags/4x3/tm.svg]
[cryptomarkethtml.bdtask.com/assets/flag-icons/flags/1x1/tm.svg]
[cryptomarkethtml.bdtask.com/assets/flag-icons/flags/4x3/tn.svg]
[cryptomarkethtml.bdtask.com/assets/flag-icons/flags/1x1/tn.svg]
[cryptomarkethtml.bdtask.com/assets/flag-icons/flags/4x3/to.svg]
[cryptomarkethtml.bdtask.com/assets/flag-icons/flags/1x1/to.svg]
[cryptomarkethtml.bdtask.com/assets/flag-icons/flags/4x3/tr.svg]
[cryptomarkethtml.bdtask.com/assets/flag-icons/flags/1x1/tr.svg]
[cryptomarkethtml.bdtask.com/assets/flag-icons/flags/4x3/tt.svg]
[cryptomarkethtml.bdtask.com/assets/flag-icons/flags/1x1/tt.svg]
[cryptomarkethtml.bdtask.com/assets/flag-icons/flags/4x3/tv.svg]
[cryptomarkethtml.bdtask.com/assets/flag-icons/flags/1x1/tv.svg]
[cryptomarkethtml.bdtask.com/assets/flag-icons/flags/4x3/tw.svg]
[cryptomarkethtml.bdtask.com/assets/flag-icons/flags/1x1/tw.svg]
[cryptomarkethtml.bdtask.com/assets/flag-icons/flags/4x3/tz.svg]
[cryptomarkethtml.bdtask.com/assets/flag-icons/flags/1x1/tz.svg]
[cryptomarkethtml.bdtask.com/assets/flag-icons/flags/4x3/ua.svg]
[cryptomarkethtml.bdtask.com/assets/flag-icons/flags/1x1/ua.svg]
[cryptomarkethtml.bdtask.com/assets/flag-icons/flags/4x3/ug.svg]
[cryptomarkethtml.bdtask.com/assets/flag-icons/flags/1x1/ug.svg]
[cryptomarkethtml.bdtask.com/assets/flag-icons/flags/4x3/um.svg]
[cryptomarkethtml.bdtask.com/assets/flag-icons/flags/1x1/um.svg]
[cryptomarkethtml.bdtask.com/assets/flag-icons/flags/4x3/us.svg]
[cryptomarkethtml.bdtask.com/assets/flag-icons/flags/1x1/us.svg]
[cryptomarkethtml.bdtask.com/assets/flag-icons/flags/4x3/uy.svg]
[cryptomarkethtml.bdtask.com/assets/flag-icons/flags/1x1/uy.svg]
[cryptomarkethtml.bdtask.com/assets/flag-icons/flags/4x3/uz.svg]
[cryptomarkethtml.bdtask.com/assets/flag-icons/flags/1x1/uz.svg]
[cryptomarkethtml.bdtask.com/assets/flag-icons/flags/4x3/va.svg]
[cryptomarkethtml.bdtask.com/assets/flag-icons/flags/1x1/va.svg]
[cryptomarkethtml.bdtask.com/assets/flag-icons/flags/4x3/vc.svg]
[cryptomarkethtml.bdtask.com/assets/flag-icons/flags/1x1/vc.svg]
[cryptomarkethtml.bdtask.com/assets/flag-icons/flags/4x3/ve.svg]
[cryptomarkethtml.bdtask.com/assets/flag-icons/flags/1x1/ve.svg]
[cryptomarkethtml.bdtask.com/assets/flag-icons/flags/4x3/vg.svg]
[cryptomarkethtml.bdtask.com/assets/flag-icons/flags/1x1/vg.svg]
[cryptomarkethtml.bdtask.com/assets/flag-icons/flags/4x3/vi.svg]
[cryptomarkethtml.bdtask.com/assets/flag-icons/flags/1x1/vi.svg]
[cryptomarkethtml.bdtask.com/assets/flag-icons/flags/4x3/vn.svg]
[cryptomarkethtml.bdtask.com/assets/flag-icons/flags/1x1/vn.svg]
[cryptomarkethtml.bdtask.com/assets/flag-icons/flags/4x3/vu.svg]
[cryptomarkethtml.bdtask.com/assets/flag-icons/flags/1x1/vu.svg]
[cryptomarkethtml.bdtask.com/assets/flag-icons/flags/4x3/wf.svg]
[cryptomarkethtml.bdtask.com/assets/flag-icons/flags/1x1/wf.svg]
[cryptomarkethtml.bdtask.com/assets/flag-icons/flags/4x3/ws.svg]
[cryptomarkethtml.bdtask.com/assets/flag-icons/flags/1x1/ws.svg]
[cryptomarkethtml.bdtask.com/assets/flag-icons/flags/4x3/ye.svg]
[cryptomarkethtml.bdtask.com/assets/flag-icons/flags/1x1/ye.svg]
[cryptomarkethtml.bdtask.com/assets/flag-icons/flags/4x3/yt.svg]
[cryptomarkethtml.bdtask.com/assets/flag-icons/flags/1x1/yt.svg]
[cryptomarkethtml.bdtask.com/assets/flag-icons/flags/4x3/za.svg]
[cryptomarkethtml.bdtask.com/assets/flag-icons/flags/1x1/za.svg]
[cryptomarkethtml.bdtask.com/assets/flag-icons/flags/4x3/zm.svg]
[cryptomarkethtml.bdtask.com/assets/flag-icons/flags/1x1/zm.svg]
[cryptomarkethtml.bdtask.com/assets/flag-icons/flags/4x3/zw.svg]
[cryptomarkethtml.bdtask.com/assets/flag-icons/flags/1x1/zw.svg]
[cryptomarkethtml.bdtask.com/assets/flag-icons/flags/4x3/es-ct.svg]
[cryptomarkethtml.bdtask.com/assets/flag-icons/flags/1x1/es-ct.svg]
[cryptomarkethtml.bdtask.com/assets/flag-icons/flags/4x3/eu.svg]
[cryptomarkethtml.bdtask.com/assets/flag-icons/flags/1x1/eu.svg]
[cryptomarkethtml.bdtask.com/assets/flag-icons/flags/4x3/gb-eng.svg]
[cryptomarkethtml.bdtask.com/assets/flag-icons/flags/1x1/gb-eng.svg]
[cryptomarkethtml.bdtask.com/assets/flag-icons/flags/4x3/gb-nir.svg]
[cryptomarkethtml.bdtask.com/assets/flag-icons/flags/1x1/gb-nir.svg]
[cryptomarkethtml.bdtask.com/assets/flag-icons/flags/4x3/gb-sct.svg]
[cryptomarkethtml.bdtask.com/assets/flag-icons/flags/1x1/gb-sct.svg]
[cryptomarkethtml.bdtask.com/assets/flag-icons/flags/4x3/gb-wls.svg]
[cryptomarkethtml.bdtask.com/assets/flag-icons/flags/1x1/gb-wls.svg]
[cryptomarkethtml.bdtask.com/assets/flag-icons/flags/4x3/un.svg]
[cryptomarkethtml.bdtask.com/assets/flag-icons/flags/1x1/un.svg]
[cryptomarkethtml.bdtask.com/assets/font-awesome/fonts/fontawesome-webfont3e6e.svg]
[cryptomarkethtml.bdtask.com/assets/fonts/Linearicons-Free54e9.svg]
[cryptomarkethtml.bdtask.com/assets/fonts/Flaticon.svg]
[cryptomarkethtml.bdtask.com/assets/img/pattern-white.svg]
[cryptomarkethtml.bdtask.com/assets/img/pixel-corner.svg]
[cryptomarkethtml.bdtask.com/detail.html]
